// Jest Snapshot v1, https://goo.gl/fbAQLP

exports[`Pruebas en GifItem Match con el snapshot 1`] = `
<div>
  <div
    class="card"
  >
    <img
      alt="Kokun"
      src="https://goku.com/kokun.jpg"
    />
    <p>
      Kokun
    </p>
  </div>
</div>
`;
